[debug] [2026-07-26T11:14:02.209Z] : 
[debug] [2026-07-26T11:14:02.211Z] : ----------------------------------------------------------------------
[debug] [2026-07-26T11:14:02.211Z] : Command:      C:\Program Files\nodejs\node.exe C:\Users\HI\AppData\Roaming\npm\node_modules\zcatalyst-cli\lib\bin\catalyst.js init
[debug] [2026-07-26T11:14:02.211Z] : CLI Version:  1.27.0
[debug] [2026-07-26T11:14:02.211Z] : Platform:     win32
[debug] [2026-07-26T11:14:02.212Z] : Node Version: v24.18.0
[debug] [2026-07-26T11:14:02.212Z] : Time:         Sun Jul 26 2026 16:44:02 GMT+0530 (India Standard Time)
[debug] [2026-07-26T11:14:02.212Z] : ----------------------------------------------------------------------
[debug] [2026-07-26T11:14:02.212Z] : 
[debug] [2026-07-26T11:14:04.961Z] : > authorizing via signed-in user option
[debug] [2026-07-26T11:14:04.962Z] : > command requires scopes: ["ZohoCatalyst.projects.ALL","ZohoCatalyst.projects.ALL","ZohoCatalyst.project.import.CREATE"]
[info] [2026-07-26T11:14:05.049Z] : 
      ___  
      \  \     ____           _             _                 _   
   ___ \  \   / ___|   __ _  | |_    __ _  | |  _   _   ___  | |_ 
  /  / /  /  | |      / _` | | __|  / _` | | | | | | | / __| | __|
 /  / /__/   | |___  | (_| | | |_  | (_| | | | | |_| | \__ \ | |_ 
 \  \         \____|  \__,_|  \__|  \__,_| |_|  \__, | |___/  \__|
  \__\                                          |___/       

You're about to initialize a Catalyst project in this directory:

  C:\Users\HI\Documents\crimesence_ai

[debug] [2026-07-26T11:14:05.165Z] : > refreshing access token <
[debug] [2026-07-26T11:14:05.166Z] : >>>> HTTP REQUEST : POST https://accounts.zoho.in/oauth/v2/token 
<request body omitted>

[debug] [2026-07-26T11:14:05.307Z] : <<<< HTTP RESPONSE : 200
Response Headers: {"server":"ZGS","date":"Sun, 26 Jul 2026 11:14:07 GMT","content-type":"application/json;charset=UTF-8","content-length":"2523","connection":"keep-alive","cache-control":"no-store","x-content-type-options":"nosniff","pragma":"no-cache","x-frame-options":"SAMEORIGIN","vary":"accept-encoding","content-language":"en-US","strict-transport-security":"max-age=64072000; includeSubDomains; preload"}

[debug] [2026-07-26T11:14:05.395Z] : >>>> HTTP REQUEST : GET https://api.catalyst.zoho.in/baas/v1/orgs 

[debug] [2026-07-26T11:14:05.550Z] : <<<< HTTP RESPONSE : 200
Response Headers: {"server":"ZGS","date":"Sun, 26 Jul 2026 11:14:07 GMT","content-type":"application/vnd.catalyst.v2+json","transfer-encoding":"chunked","connection":"keep-alive","x-content-type-options":"nosniff","cache-control":"private,no-cache,no-store,max-age=0,must-revalidate","pragma":"no-cache","expires":"Thu, 01 Jan 1970 00:00:00 GMT","x-frame-options":"DENY","strict-transport-security":"max-age=64072000; includeSubDomains; preload"}

[debug] [2026-07-26T11:14:05.559Z] : >>>> HTTP REQUEST : GET https://api.catalyst.zoho.in/baas/v1/project 

[debug] [2026-07-26T11:14:05.631Z] : <<<< HTTP RESPONSE : 200
Response Headers: {"server":"ZGS","date":"Sun, 26 Jul 2026 11:14:07 GMT","content-type":"application/vnd.catalyst.v2+json","transfer-encoding":"chunked","connection":"keep-alive","x-content-type-options":"nosniff","cache-control":"private,no-cache,no-store,max-age=0,must-revalidate","pragma":"no-cache","expires":"Thu, 01 Jan 1970 00:00:00 GMT","x-frame-options":"DENY","strict-transport-security":"max-age=64072000; includeSubDomains; preload"}

[info] [2026-07-26T11:14:12.340Z] : 
[info] [2026-07-26T11:14:12.340Z] : i Setting up a new default project for this folder
[debug] [2026-07-26T11:14:12.343Z] : >>>> HTTP REQUEST : GET https://api.catalyst.zoho.in/baas/v1/project/48889000000013048/environment 

[debug] [2026-07-26T11:14:12.450Z] : <<<< HTTP RESPONSE : 200
Response Headers: {"server":"ZGS","date":"Sun, 26 Jul 2026 11:14:14 GMT","content-type":"application/vnd.catalyst.v2+json","transfer-encoding":"chunked","connection":"keep-alive","x-content-type-options":"nosniff","cache-control":"private,no-cache,no-store,max-age=0,must-revalidate","pragma":"no-cache","expires":"Thu, 01 Jan 1970 00:00:00 GMT","x-frame-options":"DENY","strict-transport-security":"max-age=64072000; includeSubDomains; preload"}

[info] [2026-07-26T11:14:12.457Z] : i .catalystrc file has be successfully created with project details.
[info] [2026-07-26T11:14:12.457Z] : 
[info] [2026-07-26T11:14:58.148Z] : 
[info] [2026-07-26T11:14:58.149Z] : ===> Client Setup
